// Vitest Snapshot v1, https://vitest.dev/guide/snapshot.html

exports[`KudosControl > renders a visitor's control disabled with the one-line £2 nudge 1`] = `"<button type="button" disabled="" aria-label="give kudos" title="Open your archive to get kudos — the £2 becomes your float." class="font-mono text-xs text-muted transition-colors enabled:hover:text-accent enabled:active:scale-95 disabled:opacity-60">✦ kudos</button>"`;

exports[`KudosControl > renders ready with the public count — one tappable control, no vote button 1`] = `"<button type="button" aria-label="give kudos" class="font-mono text-xs text-muted transition-colors enabled:hover:text-accent enabled:active:scale-95 disabled:opacity-60">✦ kudos<span class="text-accent"> · 12</span></button>"`;
